// Jest Snapshot v1, https://goo.gl/fbAQLP

exports[`components SitePostSummary renders correctly 1`] = `
<div
  className="container"
>
  <div
    className="articles"
  >
    <a
      href="/the-post"
      style={
        Object {
          "boxShadow": "none",
        }
      }
    >
      <article
        className="article articleBox"
      >
        <header>
          <h3>
            My Post
          </h3>
          <time
            dateTime="2018/03/01"
          >
            2018/03/01
          </time>
          <a
            href="/blog/tags/javascript"
          >
            <span
              className="tag badge mr-1"
            >
              JavaScript
            </span>
          </a>
          <a
            href="/blog/tags/react"
          >
            <span
              className="tag badge mr-1"
            >
              React
            </span>
          </a>
        </header>
        <section>
          this is the description
        </section>
      </article>
    </a>
  </div>
</div>
`;
