// Jest Snapshot v1, https://goo.gl/fbAQLP

exports[`components SitePostSummary renders correctly 1`] = `
<div
  className="container"
>
  <div
    className="articles"
  >
    <article
      className="article"
    >
      <header>
        <a
          href="/the-post"
          style={
            Object {
              "boxShadow": "none",
            }
          }
        >
          <h3>
            My Post
          </h3>
          <time
            dateTime="2018/03/01"
          >
            2018/03/01
          </time>
        </a>
        <span
          className="badge badge-primary text-white mr-1"
        >
          JavaScript
        </span>
        <span
          className="badge badge-primary text-white mr-1"
        >
          React
        </span>
      </header>
      <section />
    </article>
  </div>
</div>
`;
