// Jest Snapshot v1, https://goo.gl/fbAQLP

exports[`components SitePostSummary renders correctly 1`] = `
<DocumentFragment>
  <div
    class="container"
  >
    <div
      class="articles"
    >
      <article
        class="article articleBox"
      >
        <header>
          <a
            href="/the-post"
          >
            <h3>
              My Post
            </h3>
          </a>
          <time
            datetime="2018/03/01"
          >
            2018/03/01
          </time>
          <a
            href="/blog/tags/javascript"
          >
            <span
              class="tag badge mr-1"
            >
              JavaScript
            </span>
          </a>
          <a
            href="/blog/tags/react"
          >
            <span
              class="tag badge mr-1"
            >
              React
            </span>
          </a>
        </header>
        <section>
          this is the description
        </section>
      </article>
    </div>
  </div>
</DocumentFragment>
`;
