// Jest Snapshot v1, https://jestjs.io/docs/snapshot-testing

exports[`components SiteNavi renders correctly 1`] = `
<DocumentFragment>
  <nav
    class="navbar navbar-expand navbar-dark flex-column flex-md-row bg-dark px-3"
  >
    <a
      class="text-center"
      href="/"
    >
      <h1
        class="navbar-brand mb-0 me-sm-0 me-md-2"
      >
        title
      </h1>
    </a>
    <ul
      class="navbar-nav bd-navbar-nav flex-row"
    >
      <li
        class="nav-item"
      >
        <a
          class="underline nav-link active"
          href="/"
        >
          About
        </a>
      </li>
      <li
        class="nav-item"
      >
        <a
          class="underline nav-link"
          href="/talks/"
        >
          Talks
        </a>
      </li>
      <li
        class="nav-item"
      >
        <a
          class="underline nav-link"
          href="/blog/"
        >
          Blog
        </a>
      </li>
      <li
        class="nav-item"
      >
        <a
          class="underline nav-link"
          href="/tags"
        >
          Tags
        </a>
      </li>
    </ul>
    <ul
      class="navbar-icons navbar-nav flex-row ms-md-auto d-md-flex"
    >
      <li
        class="icon nav-item"
      >
        <a
          aria-label="RSS Feed"
          class="nav-link"
          href="/rss.xml"
        >
          <i
            class="fa fa-rss fa-lg"
          />
        </a>
      </li>
      <li
        class="icon nav-item"
      >
        <a
          aria-label="GitHub Profile"
          class="nav-link"
          href="https://github.com/sirech"
          rel="noopener noreferrer"
          target="_blank"
        >
          <i
            class="fa fa-github-square fa-lg"
          />
        </a>
      </li>
      <li
        class="icon nav-item"
      >
        <a
          aria-label="StackOverflow Profile"
          class="nav-link"
          href="https://stackoverflow.com/users/3785/mario-f"
          rel="noopener noreferrer"
          target="_blank"
        >
          <i
            class="fa fa-stack-overflow fa-lg"
          />
        </a>
      </li>
      <li
        class="icon nav-item"
      >
        <a
          aria-label="LinkedIn Profile"
          class="nav-link"
          href="https://www.linkedin.com/in/mario-fernandez-9b9195a/"
          rel="noopener noreferrer"
          target="_blank"
        >
          <i
            class="fa fa-linkedin fa-lg"
          />
        </a>
      </li>
    </ul>
  </nav>
</DocumentFragment>
`;
