// Jest Snapshot v1, https://goo.gl/fbAQLP

exports[`components SiteNavi renders correctly 1`] = `
<DocumentFragment>
  <nav
    class="navbar navbar-expand navbar-dark flex-column flex-md-row bg-dark"
  >
    <a
      class="text-center"
      href="/"
    >
      <h1
        class="navbar-brand mb-0 mr-sm-0 mr-md-2"
      >
        title
      </h1>
    </a>
    <div
      class="navbar-nav-scroll"
    >
      <ul
        class="navbar-nav bd-navbar-nav flex-row"
      >
        <li
          class="nav-item active"
        >
          <a
            class="underline nav-link"
            href="/"
          >
            About
          </a>
        </li>
        <li
          class="nav-item"
        >
          <a
            class="underline nav-link"
            href="/talks/"
          >
            Talks
          </a>
        </li>
        <li
          class="nav-item"
        >
          <a
            class="underline nav-link"
            href="/blog/"
          >
            Blog
          </a>
        </li>
      </ul>
    </div>
    <ul
      class="navbar-icons navbar-nav flex-row ml-md-auto d-md-flex"
    >
      <li
        class="icon nav-item"
      >
        <a
          aria-label="RSS Feed"
          class="nav-link"
          href="/rss.xml"
        >
          <i
            class="fa fa-rss fa-lg"
          />
        </a>
      </li>
      <li
        class="icon nav-item"
      >
        <a
          aria-label="GitHub Profile"
          class="nav-link"
          href="https://github.com/sirech"
          rel="noopener noreferrer"
          target="_blank"
        >
          <i
            class="fa fa-github-square fa-lg"
          />
        </a>
      </li>
      <li
        class="icon nav-item"
      >
        <a
          aria-label="StackOverflow Profile"
          class="nav-link"
          href="https://stackoverflow.com/users/3785/mario-f"
          rel="noopener noreferrer"
          target="_blank"
        >
          <i
            class="fa fa-stack-overflow fa-lg"
          />
        </a>
      </li>
    </ul>
  </nav>
</DocumentFragment>
`;
