// Jest Snapshot v1, https://goo.gl/fbAQLP

exports[`components Share renders the share buttons 1`] = `
<div
  className="share"
>
  <div
    className="cta"
  >
    Did you like it? Give it a share!
  </div>
  <div
    className="buttons"
  >
    <ForwardRef(ShareButton-facebook)
      quote="this is the description"
      url="http://example.com/the-post"
    >
      <Icon
        bgStyle={Object {}}
        borderRadius={0}
        iconFillColor="white"
        round={true}
        size={32}
      />
    </ForwardRef(ShareButton-facebook)>
    <ForwardRef(ShareButton-twitter)
      hashtags={
        Array [
          "javascript",
          "react",
        ]
      }
      title="My Post"
      url="http://example.com/the-post"
      via="handle"
    >
      <Icon
        bgStyle={Object {}}
        borderRadius={0}
        iconFillColor="white"
        round={true}
        size={32}
      />
    </ForwardRef(ShareButton-twitter)>
    <ForwardRef(ShareButton-linkedin)
      summary="this is the description"
      title="My Post"
      url="http://example.com/the-post"
    >
      <Icon
        bgStyle={Object {}}
        borderRadius={0}
        iconFillColor="white"
        round={true}
        size={32}
      />
    </ForwardRef(ShareButton-linkedin)>
    <ForwardRef(ShareButton-email)
      body="this is the description http://example.com/the-post"
      subject="My Post"
    >
      <Icon
        bgStyle={Object {}}
        borderRadius={0}
        iconFillColor="white"
        round={true}
        size={32}
      />
    </ForwardRef(ShareButton-email)>
  </div>
</div>
`;
