// Jest Snapshot v1, https://goo.gl/fbAQLP

exports[`components Footer renders correctly 1`] = `
<DocumentFragment>
  <footer
    class="footer text-center"
  >
    <div>
      Copyright © 2022, 
      <a
        href="http://creativecommons.org/licenses/by-nc-sa/4.0/"
        rel="noopener noreferrer"
        target="_blank"
      >
        Licensed under Creative Commons Attribution-NonCommercial-ShareAlike 4.0 International License.
      </a>
    </div>
    Favicon courtesy of 
    <a
      href="https://icons8.com/"
      rel="noopener noreferrer"
      target="_blank"
    >
      Icons8
    </a>
     
  </footer>
</DocumentFragment>
`;
