// Jest Snapshot v1, https://goo.gl/fbAQLP

exports[`components SEO renders correctly for a blogpost 1`] = `
<head>
  <title>
    My Post | site title
  </title>
  <meta
    content="My Post | site title"
    data-react-helmet="true"
    name="title"
  />
  <meta
    content="this is the description"
    data-react-helmet="true"
    name="description"
  />
  <meta
    content="index, follow"
    data-react-helmet="true"
    name="robots"
  />
  <meta
    content="http://example.com/the-post"
    data-react-helmet="true"
    property="og:url"
  />
  <meta
    content="article"
    data-react-helmet="true"
    property="og:type"
  />
  <meta
    content="My Post"
    data-react-helmet="true"
    property="og:title"
  />
  <meta
    content="this is the description"
    data-react-helmet="true"
    property="og:description"
  />
  <meta
    content="summary"
    data-react-helmet="true"
    name="twitter:card"
  />
  <meta
    content="@handle"
    data-react-helmet="true"
    name="twitter:creator"
  />
  <meta
    content="My Post"
    data-react-helmet="true"
    name="twitter:title"
  />
  <meta
    content="this is the description"
    data-react-helmet="true"
    name="twitter:description"
  />
  <script
    data-react-helmet="true"
    type="application/ld+json"
  >
    [{"@context":"http://schema.org","@type":"WebSite","url":"http://example.com/the-post","name":"My Post","alternateName":"site title"},{"@context":"http://schema.org","@type":"BreadcrumbList","itemListElement":[{"@type":"ListItem","position":1,"item":{"@id":"http://example.com/the-post","name":"My Post"}}]},{"@context":"http://schema.org","@type":"BlogPosting","url":"http://example.com/the-post","name":"My Post","alternateName":"site title","headline":"My Post","description":"this is the description","author":{"@type":"Person","name":"me"},"publisher":{"@type":"Organization","url":"http://example.com","name":"me"},"mainEntityOfPage":{"@type":"WebSite","@id":"http://example.com"},"datePublished":"2018/03/01"}]
  </script>
</head>
`;
