// Jest Snapshot v1, https://goo.gl/fbAQLP

exports[`components SitePost renders correctly 1`] = `
<div
  className="container"
>
  <div
    className="articles"
  >
    <article
      className="article"
    >
      <header>
        <a
          href="/the-post"
          style={
            Object {
              "boxShadow": "none",
            }
          }
        >
          <h1>
            My Post
          </h1>
          <time
            dateTime="2018/03/01"
          >
            2018/03/01
          </time>
        </a>
        <a
          href="/blog/tags/javascript"
        >
          <span
            className="tag badge mr-1"
          >
            JavaScript
          </span>
        </a>
        <a
          href="/blog/tags/react"
        >
          <span
            className="tag badge mr-1"
          >
            React
          </span>
        </a>
      </header>
      <section
        className="pageContent clearfix"
        dangerouslySetInnerHTML={
          Object {
            "__html": "
<div>
  <span>Header</span>
</div>
",
          }
        }
      />
      <section>
        <div>
          <button
            aria-label="facebook"
            className="react-share__ShareButton"
            onClick={[Function]}
            style={
              Object {
                "backgroundColor": "transparent",
                "border": "none",
                "color": "inherit",
                "cursor": "pointer",
                "font": "inherit",
                "padding": 0,
              }
            }
          >
            <svg
              height={32}
              viewBox="0 0 64 64"
              width={32}
            >
              <circle
                cx="32"
                cy="32"
                fill="#3b5998"
                r="31"
                style={Object {}}
              />
              <path
                d="M34.1,47V33.3h4.6l0.7-5.3h-5.3v-3.4c0-1.5,0.4-2.6,2.6-2.6l2.8,0v-4.8c-0.5-0.1-2.2-0.2-4.1-0.2 c-4.1,0-6.9,2.5-6.9,7V28H24v5.3h4.6V47H34.1z"
                fill="white"
              />
            </svg>
          </button>
        </div>
      </section>
    </article>
  </div>
</div>
`;
