// Jest Snapshot v1, https://goo.gl/fbAQLP

exports[`components SitePost renders correctly 1`] = `
<div
  className="container"
>
  <div
    className="articles"
  >
    <article
      className="article"
    >
      <header>
        <a
          href="/the-post"
          style={
            Object {
              "boxShadow": "none",
            }
          }
        >
          <h1>
            My Post
          </h1>
          <time
            dateTime="2018/03/01"
          >
            2018/03/01
          </time>
        </a>
        <span
          className="badge badge-primary text-white mr-1"
        >
          JavaScript
        </span>
        <span
          className="badge badge-primary text-white mr-1"
        >
          React
        </span>
      </header>
      <section
        className="pageContent clearfix"
        dangerouslySetInnerHTML={
          Object {
            "__html": "
<div>
  <span>Header</span>
</div>
",
          }
        }
      />
      
    </article>
  </div>
</div>
`;
