// Jest Snapshot v1, https://goo.gl/fbAQLP

exports[`components BlogPostTemplate renders correctly 1`] = `
<main>
  <SEO
    isBlogPost={true}
    post={
      Object {
        "frontmatter": Object {
          "categories": Array [
            "JavaScript",
            "React",
          ],
          "date": "2018/03/01",
          "description": "this is the description",
          "draft": false,
          "layout": "post",
          "path": "/the-post",
          "title": "My Post",
        },
        "html": "
<div>
  <span>Header</span>
</div>
",
        "id": "id",
      }
    }
    site={
      Object {
        "siteMetadata": Object {
          "author": "me",
          "description": "description",
          "title": "site title",
          "twitter": "@handle",
          "url": "http://example.com",
        },
      }
    }
  />
  <SitePost
    data={
      Object {
        "frontmatter": Object {
          "categories": Array [
            "JavaScript",
            "React",
          ],
          "date": "2018/03/01",
          "description": "this is the description",
          "draft": false,
          "layout": "post",
          "path": "/the-post",
          "title": "My Post",
        },
        "html": "
<div>
  <span>Header</span>
</div>
",
        "id": "id",
      }
    }
    isIndex={false}
    site={
      Object {
        "siteMetadata": Object {
          "author": "me",
          "description": "description",
          "title": "site title",
          "twitter": "@handle",
          "url": "http://example.com",
        },
      }
    }
  />
</main>
`;
