// Jest Snapshot v1, https://goo.gl/fbAQLP

exports[`components IndexPage renders correctly 1`] = `
<DocumentFragment>
  <div>
    <div
      class="container"
    >
      <div
        class="articles"
      >
        <article
          class="article articleBox"
        >
          <header>
            <a
              href="/the-post"
            >
              <h3>
                My Post
              </h3>
            </a>
            <time
              datetime="2018/03/01"
            >
              2018/03/01
            </time>
            <a
              href="/blog/tags/javascript"
            >
              <span
                class="tag badge mr-1"
              >
                JavaScript
              </span>
            </a>
            <a
              href="/blog/tags/react"
            >
              <span
                class="tag badge mr-1"
              >
                React
              </span>
            </a>
          </header>
          <section>
            this is the description
          </section>
        </article>
      </div>
    </div>
    <div
      class="container"
    >
      <div
        class="articles"
      >
        <article
          class="article articleBox"
        >
          <header>
            <a
              href="/the-post"
            >
              <h3>
                My Post
              </h3>
            </a>
            <time
              datetime="2018/03/01"
            >
              2018/03/01
            </time>
            <a
              href="/blog/tags/javascript"
            >
              <span
                class="tag badge mr-1"
              >
                JavaScript
              </span>
            </a>
            <a
              href="/blog/tags/react"
            >
              <span
                class="tag badge mr-1"
              >
                React
              </span>
            </a>
          </header>
          <section>
            this is the description
          </section>
        </article>
      </div>
    </div>
    <div
      class="container"
    >
      <nav
        class="mt-4"
      >
        <ul
          class="pagination justify-content-center"
        >
          <li
            class="page-item"
          >
            <a
              class="page-link"
              href="/blog/2"
            >
              <i
                class="fa fa-caret-left"
              />
            </a>
          </li>
          <li
            class="page-item"
          >
            <a
              class="page-link"
              href="/blog/"
            >
              1
            </a>
          </li>
          <li
            class="page-item"
          >
            <a
              class="page-link"
              href="/blog/2"
            >
              2
            </a>
          </li>
          <li
            class="page-item active"
          >
            <a
              class="page-link"
              href="/blog/3"
            >
              3
            </a>
          </li>
          <li
            class="page-item"
          >
            <a
              class="page-link"
              href="/blog/4"
            >
              4
            </a>
          </li>
          <li
            class="page-item"
          >
            <a
              class="page-link"
              href="/blog/5"
            >
              5
            </a>
          </li>
          <li
            class="page-item"
          >
            <a
              class="page-link"
              href="/blog/4"
            >
              <i
                class="fa fa-caret-right"
              />
            </a>
          </li>
        </ul>
      </nav>
    </div>
  </div>
</DocumentFragment>
`;
