// Jest Snapshot v1, https://jestjs.io/docs/snapshot-testing

exports[`components Pagination renders correctly 1`] = `
<DocumentFragment>
  <div
    class="container"
  >
    <nav
      class="mt-4"
    >
      <ul
        class="pagination justify-content-center"
      >
        <li
          class="page-item"
        >
          <a
            class="page-link"
            href="/blog/2"
          >
            <i
              class="fa fa-caret-left"
            />
          </a>
        </li>
        <li
          class="page-item"
        >
          <a
            class="page-link"
            href="/blog/"
          >
            1
          </a>
        </li>
        <li
          class="page-item"
        >
          <a
            class="page-link"
            href="/blog/2"
          >
            2
          </a>
        </li>
        <li
          class="page-item active"
        >
          <a
            class="page-link"
            href="/blog/3"
          >
            3
          </a>
        </li>
        <li
          class="page-item"
        >
          <a
            class="page-link"
            href="/blog/4"
          >
            4
          </a>
        </li>
        <li
          class="page-item"
        >
          <a
            class="page-link"
            href="/blog/5"
          >
            5
          </a>
        </li>
        <li
          class="page-item"
        >
          <a
            class="page-link"
            href="/blog/4"
          >
            <i
              class="fa fa-caret-right"
            />
          </a>
        </li>
      </ul>
    </nav>
  </div>
</DocumentFragment>
`;
