// Jest Snapshot v1, https://goo.gl/fbAQLP

exports[`components Categories renders correctly 1`] = `
<DocumentFragment>
  <a
    href="/blog/tags/react"
  >
    <span
      class="tag badge mr-1"
    >
      React
    </span>
  </a>
  <a
    href="/blog/tags/springboot"
  >
    <span
      class="tag badge mr-1"
    >
      SpringBoot
    </span>
  </a>
  <a
    href="/blog/tags/ssl-certificates"
  >
    <span
      class="tag badge mr-1"
    >
      SSL Certificates
    </span>
  </a>
</DocumentFragment>
`;
