// Jest Snapshot v1, https://jestjs.io/docs/snapshot-testing

exports[`components Categories renders correctly 1`] = `
<DocumentFragment>
  <a
    href="/blog/tags/react"
  >
    <span
      class="tag badge me-2"
    >
      React
    </span>
  </a>
  <a
    href="/blog/tags/springboot"
  >
    <span
      class="tag badge me-2"
    >
      SpringBoot
    </span>
  </a>
  <a
    href="/blog/tags/ssl-certificates"
  >
    <span
      class="tag badge me-2"
    >
      SSL Certificates
    </span>
  </a>
</DocumentFragment>
`;
