// Jest Snapshot v1, https://goo.gl/fbAQLP

exports[`components Categories renders correctly 1`] = `
Array [
  <a
    href="/blog/tags/react"
  >
    <span
      className="tag badge mr-1"
    >
      React
    </span>
  </a>,
  <a
    href="/blog/tags/springboot"
  >
    <span
      className="tag badge mr-1"
    >
      SpringBoot
    </span>
  </a>,
  <a
    href="/blog/tags/ssl-certificates"
  >
    <span
      className="tag badge mr-1"
    >
      SSL Certificates
    </span>
  </a>,
]
`;
