// Jest Snapshot v1, https://goo.gl/fbAQLP

exports[`components StandardHelmet renders correctly 1`] = `
<HelmetWrapper
  defer={true}
  encodeSpecialCharacters={true}
  meta={
    Array [
      Object {
        "content": "the title | Mario Fernandez",
        "name": "title",
      },
      Object {
        "content": "the description",
        "name": "description",
      },
      Object {
        "content": "summary",
        "name": "twitter:card",
      },
      Object {
        "content": "the title",
        "property": "og:title",
      },
      Object {
        "content": "website",
        "property": "og:type",
      },
      Object {
        "content": "the description",
        "property": "og:description",
      },
    ]
  }
  title="the title | Mario Fernandez"
/>
`;
