// Jest Snapshot v1, https://jestjs.io/docs/snapshot-testing

exports[`components StandardHelmet renders correctly for a blogpost 1`] = `
<head>
  <title>
    the title | Mario Fernandez
  </title>
  <meta
    content="the title | Mario Fernandez"
    data-react-helmet="true"
    name="title"
  />
  <meta
    content="the description"
    data-react-helmet="true"
    name="description"
  />
  <meta
    content="summary"
    data-react-helmet="true"
    name="twitter:card"
  />
  <meta
    content="the title"
    data-react-helmet="true"
    property="og:title"
  />
  <meta
    content="website"
    data-react-helmet="true"
    property="og:type"
  />
  <meta
    content="the description"
    data-react-helmet="true"
    property="og:description"
  />
</head>
`;
